Id,Name,City
1,Rahul,Lucknow
2,Mayank,Bhilai
4,Rajat,